---
source: crates/ruff_linter/src/rules/flake8_2020/mod.rs
---
YTT401.py:6:7: YTT401 `sys.version[:4]` referenced (python3.100), use `sys.version_info`
  |
4 | print(sys.version)
5 | 
6 | print(sys.version[:4])
  |       ^^^^^^^^^^^ YTT401
7 | print(version[:4])
8 | print(v[:4])
  |

YTT401.py:7:7: YTT401 `sys.version[:4]` referenced (python3.100), use `sys.version_info`
  |
6 | print(sys.version[:4])
7 | print(version[:4])
  |       ^^^^^^^ YTT401
8 | print(v[:4])
  |

YTT401.py:8:7: YTT401 `sys.version[:4]` referenced (python3.100), use `sys.version_info`
   |
 6 | print(sys.version[:4])
 7 | print(version[:4])
 8 | print(v[:4])
   |       ^ YTT401
 9 | 
10 | # the tool is timid and only flags certain numeric slices
   |


